// Jest Snapshot v1, https://goo.gl/fbAQLP

exports[`renders correctly 1`] = `
<button
  className="progress-button"
  onClick={[Function]}
  type="submit"
>
  5
</button>
`;
